// Jest Snapshot v1, https://goo.gl/fbAQLP

exports[`Button Component should snapshot the button 1`] = `
<styled.button
  showIcon={false}
  showText={true}
  type="button"
>
  <span
    className="icon"
  >
    <StatusIcon
      status={null}
    />
  </span>
  <span
    className="text"
  >
    Click Here
  </span>
</styled.button>
`;
