// Jest Snapshot v1, https://goo.gl/fbAQLP

exports[`StyledButton Component should snapshot the styled button 1`] = `
.c0 {
  padding: 0.5rem 1rem;
  border-radius: 0.5rem;
  background-color: #76C56F;
  color: #FFFFFF;
  border: none;
  font-size: 0.8rem;
  position: relative;
}

.c0:active {
  background-color: #32AA27;
}

.c0:hover {
  cursor: pointer;
}

.c0:focus {
  outline: none;
}

.c0:disabled {
  cursor: default;
  opacity: 0.6;
  background-color: #76C56F;
}

.c0 span.text {
  opacity: 0;
}

.c0 span.icon {
  width: 100%;
  height: 100%;
  top: 0;
  left: 0;
  position: absolute;
  display: -webkit-box;
  display: -webkit-flex;
  display: -ms-flexbox;
  display: flex;
  -webkit-box-pack: center;
  -webkit-justify-content: center;
  -ms-flex-pack: center;
  justify-content: center;
  -webkit-align-items: center;
  -webkit-box-align: center;
  -ms-flex-align: center;
  align-items: center;
}

<button
  className="c0"
  type="button"
/>
`;
